// Jest Snapshot v1, https://goo.gl/fbAQLP

exports[`Icon : <Activity /> match snapshot 1`] = `
<SvgIcon
  color="#6d6d71"
  onMouseEnter={[Function]}
  onMouseLeave={[Function]}
  style={Object {}}
  viewBox="0 0 24 24"
>
  <svg
    height="24px"
    viewBox="0 0 16 11.97"
    width="24px"
    xmlns="http://www.w3.org/2000/svg"
  >
    <g
      data-name="Layer 2"
      id="Layer_2"
    >
      <g
        data-name="Layer 1"
        id="Layer_1-2"
      >
        <path
          d="M3.29,6.19H0V7.77H3.8a.8.8,0,0,0,.72-.47L6.39,3.15l2.23,8.24a.79.79,0,0,0,.66.58.8.8,0,0,0,.79-.37l2.52-4.17H16V5.84H12.14a.8.8,0,0,0-.68.38l-1.79,3L7.35.59A.79.79,0,0,0,6.64,0a.78.78,0,0,0-.79.47Z"
        />
      </g>
    </g>
  </svg>
</SvgIcon>
`;
